5
S
    5S
    5S
    5K
    5K
    5K
    5    4
   90
   20
  450
    1
    1
    2
    2
    3    2
    2

   10
    5
    7

   10

   10

