    0    1v   65
    45
6
7

   18
   14    5
    7
    7